[INFO] Scanning for projects...
[INFO] 
[INFO] --------------------< com.zest:product-management >---------------------
[INFO] Building product-management 0.0.1-SNAPSHOT
[INFO]   from pom.xml
[INFO] --------------------------------[ jar ]---------------------------------
[INFO] 
[INFO] --- resources:3.3.1:resources (default-resources) @ product-management ---
[INFO] Copying 2 resources from src\main\resources to target\classes
[INFO] Copying 0 resource from src\main\resources to target\classes
[INFO] 
[INFO] --- compiler:3.11.0:compile (default-compile) @ product-management ---
[INFO] Changes detected - recompiling the module! :source
[INFO] Compiling 40 source files with javac [debug release 17] to target\classes
[INFO] -------------------------------------------------------------
[ERROR] COMPILATION ERROR : 
[INFO] -------------------------------------------------------------
[ERROR] /D:/zest_assignment/product/src/main/java/com/zest/product/management/ProductManagementApplication.java:[4,1] class, interface, enum, or record expected
[ERROR] /D:/zest_assignment/product/src/main/java/com/zest/product/management/ProductManagementApplication.java:[6,1] class, interface, enum, or record expected
[ERROR] /D:/zest_assignment/product/src/main/java/com/zest/product/management/ProductManagementApplication.java:[7,1] class, interface, enum, or record expected
[ERROR] /D:/zest_assignment/product/src/main/java/com/zest/product/management/ProductManagementApplication.java:[8,1] class, interface, enum, or record expected
[INFO] 4 errors 
[INFO] -------------------------------------------------------------
[INFO] ------------------------------------------------------------------------
[INFO] BUILD FAILURE
[INFO] ------------------------------------------------------------------------
[INFO] Total time:  2.126 s
[INFO] Finished at: 2026-02-19T22:43:06+05:30
[INFO] ------------------------------------------------------------------------
[ERROR] Failed to execute goal org.apache.maven.plugins:maven-compiler-plugin:3.11.0:compile (default-compile) on project product-management: Compilation failure: Compilation failure: 
[ERROR] /D:/zest_assignment/product/src/main/java/com/zest/product/management/ProductManagementApplication.java:[4,1] class, interface, enum, or record expected
[ERROR] /D:/zest_assignment/product/src/main/java/com/zest/product/management/ProductManagementApplication.java:[6,1] class, interface, enum, or record expected
[ERROR] /D:/zest_assignment/product/src/main/java/com/zest/product/management/ProductManagementApplication.java:[7,1] class, interface, enum, or record expected
[ERROR] /D:/zest_assignment/product/src/main/java/com/zest/product/management/ProductManagementApplication.java:[8,1] class, interface, enum, or record expected
[ERROR] -> [Help 1]
[ERROR] 
[ERROR] To see the full stack trace of the errors, re-run Maven with the -e switch.
[ERROR] Re-run Maven using the -X switch to enable full debug logging.
[ERROR] 
[ERROR] For more information about the errors and possible solutions, please read the following articles:
[ERROR] [Help 1] http://cwiki.apache.org/confluence/display/MAVEN/MojoFailureException
